<?xml version="1.0" encoding="UTF-8"?>
<testsuites>
  <testsuite name="" tests="158" assertions="8352" errors="0" warnings="0" failures="0" skipped="0" time="13.530043">
    <testsuite name="Unit" tests="158" assertions="8352" errors="0" warnings="0" failures="0" skipped="0" time="13.530043">
      <testsuite name="Sparkinzy\CapPhpServer\Tests\Unit\CapTest" file="/home/sparkinzy/php-work/agreement/cap_php_server/tests/Unit/CapTest.php" tests="35" assertions="770" errors="0" warnings="0" failures="0" skipped="0" time="0.028620">
        <testcase name="testValidateTokenWithRateLimiting" class="Sparkinzy\CapPhpServer\Tests\Unit\CapTest" classname="Sparkinzy.CapPhpServer.Tests.Unit.CapTest" file="/home/sparkinzy/php-work/agreement/cap_php_server/tests/Unit/CapTest.php" line="478" assertions="5" time="0.007835"/>
        <testcase name="testRedeemChallengeTokenIsConsumed" class="Sparkinzy\CapPhpServer\Tests\Unit\CapTest" classname="Sparkinzy.CapPhpServer.Tests.Unit.CapTest" file="/home/sparkinzy/php-work/agreement/cap_php_server/tests/Unit/CapTest.php" line="324" assertions="13" time="0.001864"/>
        <testcase name="testRedeemChallengeWithCapJs025Format" class="Sparkinzy\CapPhpServer\Tests\Unit\CapTest" classname="Sparkinzy.CapPhpServer.Tests.Unit.CapTest" file="/home/sparkinzy/php-work/agreement/cap_php_server/tests/Unit/CapTest.php" line="204" assertions="11" time="0.000285"/>
        <testcase name="testRedeemChallengeWithValidSolution" class="Sparkinzy\CapPhpServer\Tests\Unit\CapTest" classname="Sparkinzy.CapPhpServer.Tests.Unit.CapTest" file="/home/sparkinzy/php-work/agreement/cap_php_server/tests/Unit/CapTest.php" line="183" assertions="11" time="0.000256"/>
        <testcase name="testIntegrationWithFileStorage" class="Sparkinzy\CapPhpServer\Tests\Unit\CapTest" classname="Sparkinzy.CapPhpServer.Tests.Unit.CapTest" file="/home/sparkinzy/php-work/agreement/cap_php_server/tests/Unit/CapTest.php" line="544" assertions="30" time="0.001291"/>
        <testcase name="testRedeemChallengeWithRateLimiting" class="Sparkinzy\CapPhpServer\Tests\Unit\CapTest" classname="Sparkinzy.CapPhpServer.Tests.Unit.CapTest" file="/home/sparkinzy/php-work/agreement/cap_php_server/tests/Unit/CapTest.php" line="305" assertions="18" time="0.000263"/>
        <testcase name="testValidateTokenWithValidToken" class="Sparkinzy\CapPhpServer\Tests\Unit\CapTest" classname="Sparkinzy.CapPhpServer.Tests.Unit.CapTest" file="/home/sparkinzy/php-work/agreement/cap_php_server/tests/Unit/CapTest.php" line="350" assertions="3" time="0.000262"/>
        <testcase name="testValidateTokenWithInvalidToken" class="Sparkinzy\CapPhpServer\Tests\Unit\CapTest" classname="Sparkinzy.CapPhpServer.Tests.Unit.CapTest" file="/home/sparkinzy/php-work/agreement/cap_php_server/tests/Unit/CapTest.php" line="369" assertions="6" time="0.000217"/>
        <testcase name="testValidateTokenWithNonExistentToken" class="Sparkinzy\CapPhpServer\Tests\Unit\CapTest" classname="Sparkinzy.CapPhpServer.Tests.Unit.CapTest" file="/home/sparkinzy/php-work/agreement/cap_php_server/tests/Unit/CapTest.php" line="379" assertions="6" time="0.000215"/>
        <testcase name="testValidateTokenWithExpiredToken" class="Sparkinzy\CapPhpServer\Tests\Unit\CapTest" classname="Sparkinzy.CapPhpServer.Tests.Unit.CapTest" file="/home/sparkinzy/php-work/agreement/cap_php_server/tests/Unit/CapTest.php" line="389" assertions="6" time="0.000348"/>
        <testcase name="testValidateTokenOnceOnly" class="Sparkinzy\CapPhpServer\Tests\Unit\CapTest" classname="Sparkinzy.CapPhpServer.Tests.Unit.CapTest" file="/home/sparkinzy/php-work/agreement/cap_php_server/tests/Unit/CapTest.php" line="404" assertions="8" time="0.000391"/>
        <testcase name="testCanCreateCapInstance" class="Sparkinzy\CapPhpServer\Tests\Unit\CapTest" classname="Sparkinzy.CapPhpServer.Tests.Unit.CapTest" file="/home/sparkinzy/php-work/agreement/cap_php_server/tests/Unit/CapTest.php" line="20" assertions="1" time="0.000484"/>
        <testcase name="testValidateTokenKeepToken" class="Sparkinzy\CapPhpServer\Tests\Unit\CapTest" classname="Sparkinzy.CapPhpServer.Tests.Unit.CapTest" file="/home/sparkinzy/php-work/agreement/cap_php_server/tests/Unit/CapTest.php" line="427" assertions="9" time="0.000277"/>
        <testcase name="testCleanupReturnsTrue" class="Sparkinzy\CapPhpServer\Tests\Unit\CapTest" classname="Sparkinzy.CapPhpServer.Tests.Unit.CapTest" file="/home/sparkinzy/php-work/agreement/cap_php_server/tests/Unit/CapTest.php" line="510" assertions="1" time="0.000215"/>
        <testcase name="testCleanupHandlesStorageFailure" class="Sparkinzy\CapPhpServer\Tests\Unit\CapTest" classname="Sparkinzy.CapPhpServer.Tests.Unit.CapTest" file="/home/sparkinzy/php-work/agreement/cap_php_server/tests/Unit/CapTest.php" line="518" assertions="1" time="0.000232"/>
        <testcase name="testHandlesStorageNotAvailable" class="Sparkinzy\CapPhpServer\Tests\Unit\CapTest" classname="Sparkinzy.CapPhpServer.Tests.Unit.CapTest" file="/home/sparkinzy/php-work/agreement/cap_php_server/tests/Unit/CapTest.php" line="533" assertions="16" time="0.000228"/>
        <testcase name="testMultipleUsersIndependence" class="Sparkinzy\CapPhpServer\Tests\Unit\CapTest" classname="Sparkinzy.CapPhpServer.Tests.Unit.CapTest" file="/home/sparkinzy/php-work/agreement/cap_php_server/tests/Unit/CapTest.php" line="567" assertions="9" time="0.000301"/>
        <testcase name="testConcurrentChallengeCreation" class="Sparkinzy\CapPhpServer\Tests\Unit\CapTest" classname="Sparkinzy.CapPhpServer.Tests.Unit.CapTest" file="/home/sparkinzy/php-work/agreement/cap_php_server/tests/Unit/CapTest.php" line="593" assertions="161" time="0.000301"/>
        <testcase name="testValidateTokenWithCustomKeepTokenConfig" class="Sparkinzy\CapPhpServer\Tests\Unit\CapTest" classname="Sparkinzy.CapPhpServer.Tests.Unit.CapTest" file="/home/sparkinzy/php-work/agreement/cap_php_server/tests/Unit/CapTest.php" line="448" assertions="14" time="0.000241"/>
        <testcase name="testRedeemChallengeWithExpiredToken" class="Sparkinzy\CapPhpServer\Tests\Unit\CapTest" classname="Sparkinzy.CapPhpServer.Tests.Unit.CapTest" file="/home/sparkinzy/php-work/agreement/cap_php_server/tests/Unit/CapTest.php" line="286" assertions="2" time="0.000221"/>
        <testcase name="testCanCreateCapWithCustomConfig" class="Sparkinzy\CapPhpServer\Tests\Unit\CapTest" classname="Sparkinzy.CapPhpServer.Tests.Unit.CapTest" file="/home/sparkinzy/php-work/agreement/cap_php_server/tests/Unit/CapTest.php" line="26" assertions="5" time="0.000210"/>
        <testcase name="testRedeemChallengeWithNonExistentToken" class="Sparkinzy\CapPhpServer\Tests\Unit\CapTest" classname="Sparkinzy.CapPhpServer.Tests.Unit.CapTest" file="/home/sparkinzy/php-work/agreement/cap_php_server/tests/Unit/CapTest.php" line="272" assertions="2" time="0.000212"/>
        <testcase name="testRedeemChallengeWithMissingSolutions" class="Sparkinzy\CapPhpServer\Tests\Unit\CapTest" classname="Sparkinzy.CapPhpServer.Tests.Unit.CapTest" file="/home/sparkinzy/php-work/agreement/cap_php_server/tests/Unit/CapTest.php" line="259" assertions="2" time="0.000235"/>
        <testcase name="testRedeemChallengeWithMissingToken" class="Sparkinzy\CapPhpServer\Tests\Unit\CapTest" classname="Sparkinzy.CapPhpServer.Tests.Unit.CapTest" file="/home/sparkinzy/php-work/agreement/cap_php_server/tests/Unit/CapTest.php" line="246" assertions="2" time="0.000330"/>
        <testcase name="testRedeemChallengeWithInvalidSolution" class="Sparkinzy\CapPhpServer\Tests\Unit\CapTest" classname="Sparkinzy.CapPhpServer.Tests.Unit.CapTest" file="/home/sparkinzy/php-work/agreement/cap_php_server/tests/Unit/CapTest.php" line="225" assertions="2" time="0.000759"/>
        <testcase name="testCreateChallengeFailsWhenStorageFails" class="Sparkinzy\CapPhpServer\Tests\Unit\CapTest" classname="Sparkinzy.CapPhpServer.Tests.Unit.CapTest" file="/home/sparkinzy/php-work/agreement/cap_php_server/tests/Unit/CapTest.php" line="168" assertions="2" time="0.000401"/>
        <testcase name="testCreateChallengePerformsCleanup" class="Sparkinzy\CapPhpServer\Tests\Unit\CapTest" classname="Sparkinzy.CapPhpServer.Tests.Unit.CapTest" file="/home/sparkinzy/php-work/agreement/cap_php_server/tests/Unit/CapTest.php" line="157" assertions="1" time="0.000342"/>
        <testcase name="testCreateChallengeWithRateLimiting" class="Sparkinzy\CapPhpServer\Tests\Unit\CapTest" classname="Sparkinzy.CapPhpServer.Tests.Unit.CapTest" file="/home/sparkinzy/php-work/agreement/cap_php_server/tests/Unit/CapTest.php" line="136" assertions="50" time="0.000419"/>
        <testcase name="testCreateChallengeWithInvalidParameters" class="Sparkinzy\CapPhpServer\Tests\Unit\CapTest" classname="Sparkinzy.CapPhpServer.Tests.Unit.CapTest" file="/home/sparkinzy/php-work/agreement/cap_php_server/tests/Unit/CapTest.php" line="118" assertions="2" time="0.000416"/>
        <testcase name="testCreateChallengeWithoutStoring" class="Sparkinzy\CapPhpServer\Tests\Unit\CapTest" classname="Sparkinzy.CapPhpServer.Tests.Unit.CapTest" file="/home/sparkinzy/php-work/agreement/cap_php_server/tests/Unit/CapTest.php" line="107" assertions="14" time="0.000425"/>
        <testcase name="testCreateChallengeWithCustomConfiguration" class="Sparkinzy\CapPhpServer\Tests\Unit\CapTest" classname="Sparkinzy.CapPhpServer.Tests.Unit.CapTest" file="/home/sparkinzy/php-work/agreement/cap_php_server/tests/Unit/CapTest.php" line="85" assertions="27" time="0.002101"/>
        <testcase name="testCreateChallengeReturnsValidResponse" class="Sparkinzy\CapPhpServer\Tests\Unit\CapTest" classname="Sparkinzy.CapPhpServer.Tests.Unit.CapTest" file="/home/sparkinzy/php-work/agreement/cap_php_server/tests/Unit/CapTest.php" line="77" assertions="16" time="0.000499"/>
        <testcase name="testGetStatsReturnsStorageInformation" class="Sparkinzy\CapPhpServer\Tests\Unit\CapTest" classname="Sparkinzy.CapPhpServer.Tests.Unit.CapTest" file="/home/sparkinzy/php-work/agreement/cap_php_server/tests/Unit/CapTest.php" line="62" assertions="4" time="0.000365"/>
        <testcase name="testGetConfigReturnsCorrectConfiguration" class="Sparkinzy\CapPhpServer\Tests\Unit\CapTest" classname="Sparkinzy.CapPhpServer.Tests.Unit.CapTest" file="/home/sparkinzy/php-work/agreement/cap_php_server/tests/Unit/CapTest.php" line="46" assertions="9" time="0.000779"/>
        <testcase name="testLargeScaleOperations" class="Sparkinzy\CapPhpServer\Tests\Unit\CapTest" classname="Sparkinzy.CapPhpServer.Tests.Unit.CapTest" file="/home/sparkinzy/php-work/agreement/cap_php_server/tests/Unit/CapTest.php" line="615" assertions="301" time="0.005399"/>
      </testsuite>
      <testsuite name="Sparkinzy\CapPhpServer\Tests\Unit\Exceptions\CapExceptionTest" file="/home/sparkinzy/php-work/agreement/cap_php_server/tests/Unit/Exceptions/CapExceptionTest.php" tests="34" assertions="100" errors="0" warnings="0" failures="0" skipped="0" time="0.007905">
        <testcase name="testExceptionToString" class="Sparkinzy\CapPhpServer\Tests\Unit\Exceptions\CapExceptionTest" classname="Sparkinzy.CapPhpServer.Tests.Unit.Exceptions.CapExceptionTest" file="/home/sparkinzy/php-work/agreement/cap_php_server/tests/Unit/Exceptions/CapExceptionTest.php" line="289" assertions="3" time="0.000255"/>
        <testcase name="testExceptionStack" class="Sparkinzy\CapPhpServer\Tests\Unit\Exceptions\CapExceptionTest" classname="Sparkinzy.CapPhpServer.Tests.Unit.Exceptions.CapExceptionTest" file="/home/sparkinzy/php-work/agreement/cap_php_server/tests/Unit/Exceptions/CapExceptionTest.php" line="269" assertions="2" time="0.000530"/>
        <testcase name="testExtendsException" class="Sparkinzy\CapPhpServer\Tests\Unit\Exceptions\CapExceptionTest" classname="Sparkinzy.CapPhpServer.Tests.Unit.Exceptions.CapExceptionTest" file="/home/sparkinzy/php-work/agreement/cap_php_server/tests/Unit/Exceptions/CapExceptionTest.php" line="16" assertions="1" time="0.000225"/>
        <testcase name="testStorageNotDefinedStaticMethod" class="Sparkinzy\CapPhpServer\Tests\Unit\Exceptions\CapExceptionTest" classname="Sparkinzy.CapPhpServer.Tests.Unit.Exceptions.CapExceptionTest" file="/home/sparkinzy/php-work/agreement/cap_php_server/tests/Unit/Exceptions/CapExceptionTest.php" line="187" assertions="2" time="0.000219"/>
        <testcase name="testExceptionWithEmptyMessage" class="Sparkinzy\CapPhpServer\Tests\Unit\Exceptions\CapExceptionTest" classname="Sparkinzy.CapPhpServer.Tests.Unit.Exceptions.CapExceptionTest" file="/home/sparkinzy/php-work/agreement/cap_php_server/tests/Unit/Exceptions/CapExceptionTest.php" line="346" assertions="2" time="0.000211"/>
        <testcase name="testExceptionWithVeryLongMessage" class="Sparkinzy\CapPhpServer\Tests\Unit\Exceptions\CapExceptionTest" classname="Sparkinzy.CapPhpServer.Tests.Unit.Exceptions.CapExceptionTest" file="/home/sparkinzy/php-work/agreement/cap_php_server/tests/Unit/Exceptions/CapExceptionTest.php" line="337" assertions="2" time="0.000213"/>
        <testcase name="testExceptionWithSpecialCharacters" class="Sparkinzy\CapPhpServer\Tests\Unit\Exceptions\CapExceptionTest" classname="Sparkinzy.CapPhpServer.Tests.Unit.Exceptions.CapExceptionTest" file="/home/sparkinzy/php-work/agreement/cap_php_server/tests/Unit/Exceptions/CapExceptionTest.php" line="329" assertions="1" time="0.000205"/>
        <testcase name="testMultipleExceptionsOfSameType" class="Sparkinzy\CapPhpServer\Tests\Unit\Exceptions\CapExceptionTest" classname="Sparkinzy.CapPhpServer.Tests.Unit.Exceptions.CapExceptionTest" file="/home/sparkinzy/php-work/agreement/cap_php_server/tests/Unit/Exceptions/CapExceptionTest.php" line="318" assertions="4" time="0.000522"/>
        <testcase name="testExceptionTrace" class="Sparkinzy\CapPhpServer\Tests\Unit\Exceptions\CapExceptionTest" classname="Sparkinzy.CapPhpServer.Tests.Unit.Exceptions.CapExceptionTest" file="/home/sparkinzy/php-work/agreement/cap_php_server/tests/Unit/Exceptions/CapExceptionTest.php" line="299" assertions="3" time="0.000215"/>
        <testcase name="testExceptionSerialization" class="Sparkinzy\CapPhpServer\Tests\Unit\Exceptions\CapExceptionTest" classname="Sparkinzy.CapPhpServer.Tests.Unit.Exceptions.CapExceptionTest" file="/home/sparkinzy/php-work/agreement/cap_php_server/tests/Unit/Exceptions/CapExceptionTest.php" line="278" assertions="2" time="0.000230"/>
        <testcase name="testExceptionIsCatchableAsBaseException" class="Sparkinzy\CapPhpServer\Tests\Unit\Exceptions\CapExceptionTest" classname="Sparkinzy.CapPhpServer.Tests.Unit.Exceptions.CapExceptionTest" file="/home/sparkinzy/php-work/agreement/cap_php_server/tests/Unit/Exceptions/CapExceptionTest.php" line="254" assertions="3" time="0.000207"/>
        <testcase name="testExceptionIsCatchable" class="Sparkinzy\CapPhpServer\Tests\Unit\Exceptions\CapExceptionTest" classname="Sparkinzy.CapPhpServer.Tests.Unit.Exceptions.CapExceptionTest" file="/home/sparkinzy/php-work/agreement/cap_php_server/tests/Unit/Exceptions/CapExceptionTest.php" line="239" assertions="3" time="0.000204"/>
        <testcase name="testMessagesConstant" class="Sparkinzy\CapPhpServer\Tests\Unit\Exceptions\CapExceptionTest" classname="Sparkinzy.CapPhpServer.Tests.Unit.Exceptions.CapExceptionTest" file="/home/sparkinzy/php-work/agreement/cap_php_server/tests/Unit/Exceptions/CapExceptionTest.php" line="225" assertions="8" time="0.000245"/>
        <testcase name="testErrorCodeConstants" class="Sparkinzy\CapPhpServer\Tests\Unit\Exceptions\CapExceptionTest" classname="Sparkinzy.CapPhpServer.Tests.Unit.Exceptions.CapExceptionTest" file="/home/sparkinzy/php-work/agreement/cap_php_server/tests/Unit/Exceptions/CapExceptionTest.php" line="213" assertions="7" time="0.000227"/>
        <testcase name="testUnknownErrorCode" class="Sparkinzy\CapPhpServer\Tests\Unit\Exceptions\CapExceptionTest" classname="Sparkinzy.CapPhpServer.Tests.Unit.Exceptions.CapExceptionTest" file="/home/sparkinzy/php-work/agreement/cap_php_server/tests/Unit/Exceptions/CapExceptionTest.php" line="204" assertions="2" time="0.000209"/>
        <testcase name="testStorageNotDefinedWithCustomMessage" class="Sparkinzy\CapPhpServer\Tests\Unit\Exceptions\CapExceptionTest" classname="Sparkinzy.CapPhpServer.Tests.Unit.Exceptions.CapExceptionTest" file="/home/sparkinzy/php-work/agreement/cap_php_server/tests/Unit/Exceptions/CapExceptionTest.php" line="195" assertions="2" time="0.000234"/>
        <testcase name="testGenerateFailedWithCustomMessage" class="Sparkinzy\CapPhpServer\Tests\Unit\Exceptions\CapExceptionTest" classname="Sparkinzy.CapPhpServer.Tests.Unit.Exceptions.CapExceptionTest" file="/home/sparkinzy/php-work/agreement/cap_php_server/tests/Unit/Exceptions/CapExceptionTest.php" line="178" assertions="2" time="0.000205"/>
        <testcase name="testConstructorWithCode" class="Sparkinzy\CapPhpServer\Tests\Unit\Exceptions\CapExceptionTest" classname="Sparkinzy.CapPhpServer.Tests.Unit.Exceptions.CapExceptionTest" file="/home/sparkinzy/php-work/agreement/cap_php_server/tests/Unit/Exceptions/CapExceptionTest.php" line="22" assertions="2" time="0.000205"/>
        <testcase name="testChallengeExpiredStaticMethod" class="Sparkinzy\CapPhpServer\Tests\Unit\Exceptions\CapExceptionTest" classname="Sparkinzy.CapPhpServer.Tests.Unit.Exceptions.CapExceptionTest" file="/home/sparkinzy/php-work/agreement/cap_php_server/tests/Unit/Exceptions/CapExceptionTest.php" line="102" assertions="2" time="0.000205"/>
        <testcase name="testConstructorWithCustomMessage" class="Sparkinzy\CapPhpServer\Tests\Unit\Exceptions\CapExceptionTest" classname="Sparkinzy.CapPhpServer.Tests.Unit.Exceptions.CapExceptionTest" file="/home/sparkinzy/php-work/agreement/cap_php_server/tests/Unit/Exceptions/CapExceptionTest.php" line="30" assertions="2" time="0.000204"/>
        <testcase name="testConstructorWithPreviousException" class="Sparkinzy\CapPhpServer\Tests\Unit\Exceptions\CapExceptionTest" classname="Sparkinzy.CapPhpServer.Tests.Unit.Exceptions.CapExceptionTest" file="/home/sparkinzy/php-work/agreement/cap_php_server/tests/Unit/Exceptions/CapExceptionTest.php" line="39" assertions="2" time="0.000223"/>
        <testcase name="testAllErrorCodes" class="Sparkinzy\CapPhpServer\Tests\Unit\Exceptions\CapExceptionTest" classname="Sparkinzy.CapPhpServer.Tests.Unit.Exceptions.CapExceptionTest" file="/home/sparkinzy/php-work/agreement/cap_php_server/tests/Unit/Exceptions/CapExceptionTest.php" line="48" assertions="14" time="0.000219"/>
        <testcase name="testAllErrorMessages" class="Sparkinzy\CapPhpServer\Tests\Unit\Exceptions\CapExceptionTest" classname="Sparkinzy.CapPhpServer.Tests.Unit.Exceptions.CapExceptionTest" file="/home/sparkinzy/php-work/agreement/cap_php_server/tests/Unit/Exceptions/CapExceptionTest.php" line="67" assertions="7" time="0.000210"/>
        <testcase name="testInvalidChallengeStaticMethod" class="Sparkinzy\CapPhpServer\Tests\Unit\Exceptions\CapExceptionTest" classname="Sparkinzy.CapPhpServer.Tests.Unit.Exceptions.CapExceptionTest" file="/home/sparkinzy/php-work/agreement/cap_php_server/tests/Unit/Exceptions/CapExceptionTest.php" line="85" assertions="2" time="0.000203"/>
        <testcase name="testInvalidChallengeWithCustomMessage" class="Sparkinzy\CapPhpServer\Tests\Unit\Exceptions\CapExceptionTest" classname="Sparkinzy.CapPhpServer.Tests.Unit.Exceptions.CapExceptionTest" file="/home/sparkinzy/php-work/agreement/cap_php_server/tests/Unit/Exceptions/CapExceptionTest.php" line="93" assertions="2" time="0.000202"/>
        <testcase name="testChallengeExpiredWithCustomMessage" class="Sparkinzy\CapPhpServer\Tests\Unit\Exceptions\CapExceptionTest" classname="Sparkinzy.CapPhpServer.Tests.Unit.Exceptions.CapExceptionTest" file="/home/sparkinzy/php-work/agreement/cap_php_server/tests/Unit/Exceptions/CapExceptionTest.php" line="110" assertions="2" time="0.000202"/>
        <testcase name="testGenerateFailedStaticMethod" class="Sparkinzy\CapPhpServer\Tests\Unit\Exceptions\CapExceptionTest" classname="Sparkinzy.CapPhpServer.Tests.Unit.Exceptions.CapExceptionTest" file="/home/sparkinzy/php-work/agreement/cap_php_server/tests/Unit/Exceptions/CapExceptionTest.php" line="170" assertions="2" time="0.000201"/>
        <testcase name="testInvalidSolutionsStaticMethod" class="Sparkinzy\CapPhpServer\Tests\Unit\Exceptions\CapExceptionTest" classname="Sparkinzy.CapPhpServer.Tests.Unit.Exceptions.CapExceptionTest" file="/home/sparkinzy/php-work/agreement/cap_php_server/tests/Unit/Exceptions/CapExceptionTest.php" line="119" assertions="2" time="0.000201"/>
        <testcase name="testInvalidSolutionsWithCustomMessage" class="Sparkinzy\CapPhpServer\Tests\Unit\Exceptions\CapExceptionTest" classname="Sparkinzy.CapPhpServer.Tests.Unit.Exceptions.CapExceptionTest" file="/home/sparkinzy/php-work/agreement/cap_php_server/tests/Unit/Exceptions/CapExceptionTest.php" line="127" assertions="2" time="0.000221"/>
        <testcase name="testStorageErrorStaticMethod" class="Sparkinzy\CapPhpServer\Tests\Unit\Exceptions\CapExceptionTest" classname="Sparkinzy.CapPhpServer.Tests.Unit.Exceptions.CapExceptionTest" file="/home/sparkinzy/php-work/agreement/cap_php_server/tests/Unit/Exceptions/CapExceptionTest.php" line="136" assertions="2" time="0.000203"/>
        <testcase name="testStorageErrorWithCustomMessage" class="Sparkinzy\CapPhpServer\Tests\Unit\Exceptions\CapExceptionTest" classname="Sparkinzy.CapPhpServer.Tests.Unit.Exceptions.CapExceptionTest" file="/home/sparkinzy/php-work/agreement/cap_php_server/tests/Unit/Exceptions/CapExceptionTest.php" line="144" assertions="2" time="0.000203"/>
        <testcase name="testRateLimitedStaticMethod" class="Sparkinzy\CapPhpServer\Tests\Unit\Exceptions\CapExceptionTest" classname="Sparkinzy.CapPhpServer.Tests.Unit.Exceptions.CapExceptionTest" file="/home/sparkinzy/php-work/agreement/cap_php_server/tests/Unit/Exceptions/CapExceptionTest.php" line="153" assertions="2" time="0.000201"/>
        <testcase name="testRateLimitedWithCustomMessage" class="Sparkinzy\CapPhpServer\Tests\Unit\Exceptions\CapExceptionTest" classname="Sparkinzy.CapPhpServer.Tests.Unit.Exceptions.CapExceptionTest" file="/home/sparkinzy/php-work/agreement/cap_php_server/tests/Unit/Exceptions/CapExceptionTest.php" line="161" assertions="2" time="0.000201"/>
        <testcase name="testExceptionWithNullMessage" class="Sparkinzy\CapPhpServer\Tests\Unit\Exceptions\CapExceptionTest" classname="Sparkinzy.CapPhpServer.Tests.Unit.Exceptions.CapExceptionTest" file="/home/sparkinzy/php-work/agreement/cap_php_server/tests/Unit/Exceptions/CapExceptionTest.php" line="354" assertions="2" time="0.000242"/>
      </testsuite>
      <testsuite name="Sparkinzy\CapPhpServer\Tests\Unit\RateLimiterTest" file="/home/sparkinzy/php-work/agreement/cap_php_server/tests/Unit/RateLimiterTest.php" tests="25" assertions="7222" errors="0" warnings="0" failures="0" skipped="0" time="12.538704">
        <testcase name="testCustomWindowParameter" class="Sparkinzy\CapPhpServer\Tests\Unit\RateLimiterTest" classname="Sparkinzy.CapPhpServer.Tests.Unit.RateLimiterTest" file="/home/sparkinzy/php-work/agreement/cap_php_server/tests/Unit/RateLimiterTest.php" line="400" assertions="3" time="0.000226"/>
        <testcase name="testCustomLimitPerRequest" class="Sparkinzy\CapPhpServer\Tests\Unit\RateLimiterTest" classname="Sparkinzy.CapPhpServer.Tests.Unit.RateLimiterTest" file="/home/sparkinzy/php-work/agreement/cap_php_server/tests/Unit/RateLimiterTest.php" line="189" assertions="3" time="0.000236"/>
        <testcase name="testGetTokensReturnsCorrectCount" class="Sparkinzy\CapPhpServer\Tests\Unit\RateLimiterTest" classname="Sparkinzy.CapPhpServer.Tests.Unit.RateLimiterTest" file="/home/sparkinzy/php-work/agreement/cap_php_server/tests/Unit/RateLimiterTest.php" line="108" assertions="5" time="0.001162"/>
        <testcase name="testVeryLowLimits" class="Sparkinzy\CapPhpServer\Tests\Unit\RateLimiterTest" classname="Sparkinzy.CapPhpServer.Tests.Unit.RateLimiterTest" file="/home/sparkinzy/php-work/agreement/cap_php_server/tests/Unit/RateLimiterTest.php" line="236" assertions="3" time="1.000394"/>
        <testcase name="testMemoryUsageWithManyKeys" class="Sparkinzy\CapPhpServer\Tests\Unit\RateLimiterTest" classname="Sparkinzy.CapPhpServer.Tests.Unit.RateLimiterTest" file="/home/sparkinzy/php-work/agreement/cap_php_server/tests/Unit/RateLimiterTest.php" line="383" assertions="1" time="0.006155"/>
        <testcase name="testPerformanceWithManyKeys" class="Sparkinzy\CapPhpServer\Tests\Unit\RateLimiterTest" classname="Sparkinzy.CapPhpServer.Tests.Unit.RateLimiterTest" file="/home/sparkinzy/php-work/agreement/cap_php_server/tests/Unit/RateLimiterTest.php" line="365" assertions="1" time="0.000499"/>
        <testcase name="testSpecialCharacterKeys" class="Sparkinzy\CapPhpServer\Tests\Unit\RateLimiterTest" classname="Sparkinzy.CapPhpServer.Tests.Unit.RateLimiterTest" file="/home/sparkinzy/php-work/agreement/cap_php_server/tests/Unit/RateLimiterTest.php" line="348" assertions="6" time="0.000216"/>
        <testcase name="testEmptyKeyHandling" class="Sparkinzy\CapPhpServer\Tests\Unit\RateLimiterTest" classname="Sparkinzy.CapPhpServer.Tests.Unit.RateLimiterTest" file="/home/sparkinzy/php-work/agreement/cap_php_server/tests/Unit/RateLimiterTest.php" line="332" assertions="3" time="0.000219"/>
        <testcase name="testEdgeCaseTimingIssues" class="Sparkinzy\CapPhpServer\Tests\Unit\RateLimiterTest" classname="Sparkinzy.CapPhpServer.Tests.Unit.RateLimiterTest" file="/home/sparkinzy/php-work/agreement/cap_php_server/tests/Unit/RateLimiterTest.php" line="315" assertions="3" time="0.020492"/>
        <testcase name="testBurstCapacityLimit" class="Sparkinzy\CapPhpServer\Tests\Unit\RateLimiterTest" classname="Sparkinzy.CapPhpServer.Tests.Unit.RateLimiterTest" file="/home/sparkinzy/php-work/agreement/cap_php_server/tests/Unit/RateLimiterTest.php" line="298" assertions="7" time="10.000677"/>
        <testcase name="testTokenRefillCalculation" class="Sparkinzy\CapPhpServer\Tests\Unit\RateLimiterTest" classname="Sparkinzy.CapPhpServer.Tests.Unit.RateLimiterTest" file="/home/sparkinzy/php-work/agreement/cap_php_server/tests/Unit/RateLimiterTest.php" line="280" assertions="4" time="0.500613"/>
        <testcase name="testManyUsers" class="Sparkinzy\CapPhpServer\Tests\Unit\RateLimiterTest" classname="Sparkinzy.CapPhpServer.Tests.Unit.RateLimiterTest" file="/home/sparkinzy/php-work/agreement/cap_php_server/tests/Unit/RateLimiterTest.php" line="264" assertions="1000" time="0.000985"/>
        <testcase name="testHighLimits" class="Sparkinzy\CapPhpServer\Tests\Unit\RateLimiterTest" classname="Sparkinzy.CapPhpServer.Tests.Unit.RateLimiterTest" file="/home/sparkinzy/php-work/agreement/cap_php_server/tests/Unit/RateLimiterTest.php" line="252" assertions="5000" time="0.002885"/>
        <testcase name="testCanCreateRateLimiter" class="Sparkinzy\CapPhpServer\Tests\Unit\RateLimiterTest" classname="Sparkinzy.CapPhpServer.Tests.Unit.RateLimiterTest" file="/home/sparkinzy/php-work/agreement/cap_php_server/tests/Unit/RateLimiterTest.php" line="24" assertions="1" time="0.000236"/>
        <testcase name="testNegativeLimitDisablesRateLimiting" class="Sparkinzy\CapPhpServer\Tests\Unit\RateLimiterTest" classname="Sparkinzy.CapPhpServer.Tests.Unit.RateLimiterTest" file="/home/sparkinzy/php-work/agreement/cap_php_server/tests/Unit/RateLimiterTest.php" line="224" assertions="100" time="0.000294"/>
        <testcase name="testCanCreateRateLimiterWithCustomParams" class="Sparkinzy\CapPhpServer\Tests\Unit\RateLimiterTest" classname="Sparkinzy.CapPhpServer.Tests.Unit.RateLimiterTest" file="/home/sparkinzy/php-work/agreement/cap_php_server/tests/Unit/RateLimiterTest.php" line="30" assertions="2" time="0.000266"/>
        <testcase name="testDifferentKeysAreIndependent" class="Sparkinzy\CapPhpServer\Tests\Unit\RateLimiterTest" classname="Sparkinzy.CapPhpServer.Tests.Unit.RateLimiterTest" file="/home/sparkinzy/php-work/agreement/cap_php_server/tests/Unit/RateLimiterTest.php" line="172" assertions="2" time="0.000290"/>
        <testcase name="testCleanupRemovesOldEntries" class="Sparkinzy\CapPhpServer\Tests\Unit\RateLimiterTest" classname="Sparkinzy.CapPhpServer.Tests.Unit.RateLimiterTest" file="/home/sparkinzy/php-work/agreement/cap_php_server/tests/Unit/RateLimiterTest.php" line="147" assertions="3" time="0.000260"/>
        <testcase name="testResetClearsUserBucket" class="Sparkinzy\CapPhpServer\Tests\Unit\RateLimiterTest" classname="Sparkinzy.CapPhpServer.Tests.Unit.RateLimiterTest" file="/home/sparkinzy/php-work/agreement/cap_php_server/tests/Unit/RateLimiterTest.php" line="126" assertions="4" time="0.000318"/>
        <testcase name="testTokenRefillOverTime" class="Sparkinzy\CapPhpServer\Tests\Unit\RateLimiterTest" classname="Sparkinzy.CapPhpServer.Tests.Unit.RateLimiterTest" file="/home/sparkinzy/php-work/agreement/cap_php_server/tests/Unit/RateLimiterTest.php" line="83" assertions="12" time="1.000481"/>
        <testcase name="testBurstCapacityIsRespected" class="Sparkinzy\CapPhpServer\Tests\Unit\RateLimiterTest" classname="Sparkinzy.CapPhpServer.Tests.Unit.RateLimiterTest" file="/home/sparkinzy/php-work/agreement/cap_php_server/tests/Unit/RateLimiterTest.php" line="67" assertions="51" time="0.000354"/>
        <testcase name="testAllowReturnsTrueForInitialRequest" class="Sparkinzy\CapPhpServer\Tests\Unit\RateLimiterTest" classname="Sparkinzy.CapPhpServer.Tests.Unit.RateLimiterTest" file="/home/sparkinzy/php-work/agreement/cap_php_server/tests/Unit/RateLimiterTest.php" line="59" assertions="1" time="0.000301"/>
        <testcase name="testSetLimitsUpdatesValues" class="Sparkinzy\CapPhpServer\Tests\Unit\RateLimiterTest" classname="Sparkinzy.CapPhpServer.Tests.Unit.RateLimiterTest" file="/home/sparkinzy/php-work/agreement/cap_php_server/tests/Unit/RateLimiterTest.php" line="50" assertions="2" time="0.000262"/>
        <testcase name="testGetLimitsReturnsCorrectValues" class="Sparkinzy\CapPhpServer\Tests\Unit\RateLimiterTest" classname="Sparkinzy.CapPhpServer.Tests.Unit.RateLimiterTest" file="/home/sparkinzy/php-work/agreement/cap_php_server/tests/Unit/RateLimiterTest.php" line="39" assertions="5" time="0.000268"/>
        <testcase name="testZeroLimitDisablesRateLimiting" class="Sparkinzy\CapPhpServer\Tests\Unit\RateLimiterTest" classname="Sparkinzy.CapPhpServer.Tests.Unit.RateLimiterTest" file="/home/sparkinzy/php-work/agreement/cap_php_server/tests/Unit/RateLimiterTest.php" line="212" assertions="1000" time="0.000616"/>
      </testsuite>
      <testsuite name="Sparkinzy\CapPhpServer\Tests\Unit\Storage\FileStorageTest" file="/home/sparkinzy/php-work/agreement/cap_php_server/tests/Unit/Storage/FileStorageTest.php" tests="22" assertions="80" errors="0" warnings="0" failures="0" skipped="0" time="0.730707">
        <testcase name="testHandlesEmptyFileCorrectly" class="Sparkinzy\CapPhpServer\Tests\Unit\Storage\FileStorageTest" classname="Sparkinzy.CapPhpServer.Tests.Unit.Storage.FileStorageTest" file="/home/sparkinzy/php-work/agreement/cap_php_server/tests/Unit/Storage/FileStorageTest.php" line="211" assertions="2" time="0.000746"/>
        <testcase name="testHandlesInvalidJsonCorrectly" class="Sparkinzy\CapPhpServer\Tests\Unit\Storage\FileStorageTest" classname="Sparkinzy.CapPhpServer.Tests.Unit.Storage.FileStorageTest" file="/home/sparkinzy/php-work/agreement/cap_php_server/tests/Unit/Storage/FileStorageTest.php" line="223" assertions="2" time="0.000371"/>
        <testcase name="testConcurrentAccess" class="Sparkinzy\CapPhpServer\Tests\Unit\Storage\FileStorageTest" classname="Sparkinzy.CapPhpServer.Tests.Unit.Storage.FileStorageTest" file="/home/sparkinzy/php-work/agreement/cap_php_server/tests/Unit/Storage/FileStorageTest.php" line="331" assertions="1" time="0.000962"/>
        <testcase name="testBoundaryValues" class="Sparkinzy\CapPhpServer\Tests\Unit\Storage\FileStorageTest" classname="Sparkinzy.CapPhpServer.Tests.Unit.Storage.FileStorageTest" file="/home/sparkinzy/php-work/agreement/cap_php_server/tests/Unit/Storage/FileStorageTest.php" line="270" assertions="8" time="0.001218"/>
        <testcase name="testImplementsStorageInterface" class="Sparkinzy\CapPhpServer\Tests\Unit\Storage\FileStorageTest" classname="Sparkinzy.CapPhpServer.Tests.Unit.Storage.FileStorageTest" file="/home/sparkinzy/php-work/agreement/cap_php_server/tests/Unit/Storage/FileStorageTest.php" line="31" assertions="1" time="0.000293"/>
        <testcase name="testCanOverwriteExistingChallenge" class="Sparkinzy\CapPhpServer\Tests\Unit\Storage\FileStorageTest" classname="Sparkinzy.CapPhpServer.Tests.Unit.Storage.FileStorageTest" file="/home/sparkinzy/php-work/agreement/cap_php_server/tests/Unit/Storage/FileStorageTest.php" line="185" assertions="1" time="0.000638"/>
        <testcase name="testFilePermissionIssues" class="Sparkinzy\CapPhpServer\Tests\Unit\Storage\FileStorageTest" classname="Sparkinzy.CapPhpServer.Tests.Unit.Storage.FileStorageTest" file="/home/sparkinzy/php-work/agreement/cap_php_server/tests/Unit/Storage/FileStorageTest.php" line="311" assertions="1" time="0.000870"/>
        <testcase name="testSpecialCharactersInKeys" class="Sparkinzy\CapPhpServer\Tests\Unit\Storage\FileStorageTest" classname="Sparkinzy.CapPhpServer.Tests.Unit.Storage.FileStorageTest" file="/home/sparkinzy/php-work/agreement/cap_php_server/tests/Unit/Storage/FileStorageTest.php" line="294" assertions="6" time="0.001293"/>
        <testcase name="testMultipleChallengesAndTokens" class="Sparkinzy\CapPhpServer\Tests\Unit\Storage\FileStorageTest" classname="Sparkinzy.CapPhpServer.Tests.Unit.Storage.FileStorageTest" file="/home/sparkinzy/php-work/agreement/cap_php_server/tests/Unit/Storage/FileStorageTest.php" line="235" assertions="22" time="0.003441"/>
        <testcase name="testCanOverwriteExistingToken" class="Sparkinzy\CapPhpServer\Tests\Unit\Storage\FileStorageTest" classname="Sparkinzy.CapPhpServer.Tests.Unit.Storage.FileStorageTest" file="/home/sparkinzy/php-work/agreement/cap_php_server/tests/Unit/Storage/FileStorageTest.php" line="198" assertions="1" time="0.000623"/>
        <testcase name="testPersistenceAcrossInstances" class="Sparkinzy\CapPhpServer\Tests\Unit\Storage\FileStorageTest" classname="Sparkinzy.CapPhpServer.Tests.Unit.Storage.FileStorageTest" file="/home/sparkinzy/php-work/agreement/cap_php_server/tests/Unit/Storage/FileStorageTest.php" line="165" assertions="2" time="0.000625"/>
        <testcase name="testIsAvailableWhenDirectoryIsWritable" class="Sparkinzy\CapPhpServer\Tests\Unit\Storage\FileStorageTest" classname="Sparkinzy.CapPhpServer.Tests.Unit.Storage.FileStorageTest" file="/home/sparkinzy/php-work/agreement/cap_php_server/tests/Unit/Storage/FileStorageTest.php" line="36" assertions="1" time="0.000293"/>
        <testcase name="testGetStatsReturnsCorrectInformation" class="Sparkinzy\CapPhpServer\Tests\Unit\Storage\FileStorageTest" classname="Sparkinzy.CapPhpServer.Tests.Unit.Storage.FileStorageTest" file="/home/sparkinzy/php-work/agreement/cap_php_server/tests/Unit/Storage/FileStorageTest.php" line="141" assertions="13" time="0.000812"/>
        <testcase name="testCleanupRemovesExpiredItems" class="Sparkinzy\CapPhpServer\Tests\Unit\Storage\FileStorageTest" classname="Sparkinzy.CapPhpServer.Tests.Unit.Storage.FileStorageTest" file="/home/sparkinzy/php-work/agreement/cap_php_server/tests/Unit/Storage/FileStorageTest.php" line="114" assertions="5" time="0.001278"/>
        <testcase name="testGetTokenWithDeleteRemovesToken" class="Sparkinzy\CapPhpServer\Tests\Unit\Storage\FileStorageTest" classname="Sparkinzy.CapPhpServer.Tests.Unit.Storage.FileStorageTest" file="/home/sparkinzy/php-work/agreement/cap_php_server/tests/Unit/Storage/FileStorageTest.php" line="98" assertions="2" time="0.000632"/>
        <testcase name="testGetChallengeWithDeleteRemovesChallenge" class="Sparkinzy\CapPhpServer\Tests\Unit\Storage\FileStorageTest" classname="Sparkinzy.CapPhpServer.Tests.Unit.Storage.FileStorageTest" file="/home/sparkinzy/php-work/agreement/cap_php_server/tests/Unit/Storage/FileStorageTest.php" line="82" assertions="2" time="0.000686"/>
        <testcase name="testGetNonExistentTokenReturnsNull" class="Sparkinzy\CapPhpServer\Tests\Unit\Storage\FileStorageTest" classname="Sparkinzy.CapPhpServer.Tests.Unit.Storage.FileStorageTest" file="/home/sparkinzy/php-work/agreement/cap_php_server/tests/Unit/Storage/FileStorageTest.php" line="76" assertions="1" time="0.000294"/>
        <testcase name="testGetNonExistentChallengeReturnsNull" class="Sparkinzy\CapPhpServer\Tests\Unit\Storage\FileStorageTest" classname="Sparkinzy.CapPhpServer.Tests.Unit.Storage.FileStorageTest" file="/home/sparkinzy/php-work/agreement/cap_php_server/tests/Unit/Storage/FileStorageTest.php" line="70" assertions="1" time="0.000283"/>
        <testcase name="testCanSetAndGetToken" class="Sparkinzy\CapPhpServer\Tests\Unit\Storage\FileStorageTest" classname="Sparkinzy.CapPhpServer.Tests.Unit.Storage.FileStorageTest" file="/home/sparkinzy/php-work/agreement/cap_php_server/tests/Unit/Storage/FileStorageTest.php" line="58" assertions="2" time="0.000562"/>
        <testcase name="testCanSetAndGetChallenge" class="Sparkinzy\CapPhpServer\Tests\Unit\Storage\FileStorageTest" classname="Sparkinzy.CapPhpServer.Tests.Unit.Storage.FileStorageTest" file="/home/sparkinzy/php-work/agreement/cap_php_server/tests/Unit/Storage/FileStorageTest.php" line="46" assertions="2" time="0.000525"/>
        <testcase name="testGetFilePathReturnsCorrectPath" class="Sparkinzy\CapPhpServer\Tests\Unit\Storage\FileStorageTest" classname="Sparkinzy.CapPhpServer.Tests.Unit.Storage.FileStorageTest" file="/home/sparkinzy/php-work/agreement/cap_php_server/tests/Unit/Storage/FileStorageTest.php" line="41" assertions="1" time="0.000363"/>
        <testcase name="testLargeDataSet" class="Sparkinzy\CapPhpServer\Tests\Unit\Storage\FileStorageTest" classname="Sparkinzy.CapPhpServer.Tests.Unit.Storage.FileStorageTest" file="/home/sparkinzy/php-work/agreement/cap_php_server/tests/Unit/Storage/FileStorageTest.php" line="352" assertions="3" time="0.713898"/>
      </testsuite>
      <testsuite name="Sparkinzy\CapPhpServer\Tests\Unit\Storage\RedisStorageTest" file="/home/sparkinzy/php-work/agreement/cap_php_server/tests/Unit/Storage/RedisStorageTest.php" tests="19" assertions="84" errors="0" warnings="0" failures="0" skipped="0" time="0.215603">
        <testcase name="testConnectionFailureHandling" class="Sparkinzy\CapPhpServer\Tests\Unit\Storage\RedisStorageTest" classname="Sparkinzy.CapPhpServer.Tests.Unit.Storage.RedisStorageTest" file="/home/sparkinzy/php-work/agreement/cap_php_server/tests/Unit/Storage/RedisStorageTest.php" line="357" assertions="1" time="0.001631"/>
        <testcase name="testIsNotAvailableWhenRedisDisconnected" class="Sparkinzy\CapPhpServer\Tests\Unit\Storage\RedisStorageTest" classname="Sparkinzy.CapPhpServer.Tests.Unit.Storage.RedisStorageTest" file="/home/sparkinzy/php-work/agreement/cap_php_server/tests/Unit/Storage/RedisStorageTest.php" line="107" assertions="1" time="0.000967"/>
        <testcase name="testImplementsStorageInterface" class="Sparkinzy\CapPhpServer\Tests\Unit\Storage\RedisStorageTest" classname="Sparkinzy.CapPhpServer.Tests.Unit.Storage.RedisStorageTest" file="/home/sparkinzy/php-work/agreement/cap_php_server/tests/Unit/Storage/RedisStorageTest.php" line="89" assertions="1" time="0.000949"/>
        <testcase name="testCanOverwriteExistingToken" class="Sparkinzy\CapPhpServer\Tests\Unit\Storage\RedisStorageTest" classname="Sparkinzy.CapPhpServer.Tests.Unit.Storage.RedisStorageTest" file="/home/sparkinzy/php-work/agreement/cap_php_server/tests/Unit/Storage/RedisStorageTest.php" line="268" assertions="1" time="0.001140"/>
        <testcase name="testLargeDataSet" class="Sparkinzy\CapPhpServer\Tests\Unit\Storage\RedisStorageTest" classname="Sparkinzy.CapPhpServer.Tests.Unit.Storage.RedisStorageTest" file="/home/sparkinzy/php-work/agreement/cap_php_server/tests/Unit/Storage/RedisStorageTest.php" line="439" assertions="21" time="0.187274"/>
        <testcase name="testSpecialCharactersInKeys" class="Sparkinzy\CapPhpServer\Tests\Unit\Storage\RedisStorageTest" classname="Sparkinzy.CapPhpServer.Tests.Unit.Storage.RedisStorageTest" file="/home/sparkinzy/php-work/agreement/cap_php_server/tests/Unit/Storage/RedisStorageTest.php" line="418" assertions="6" time="0.001864"/>
        <testcase name="testBoundaryValues" class="Sparkinzy\CapPhpServer\Tests\Unit\Storage\RedisStorageTest" classname="Sparkinzy.CapPhpServer.Tests.Unit.Storage.RedisStorageTest" file="/home/sparkinzy/php-work/agreement/cap_php_server/tests/Unit/Storage/RedisStorageTest.php" line="390" assertions="8" time="0.003430"/>
        <testcase name="testRedisConfiguration" class="Sparkinzy\CapPhpServer\Tests\Unit\Storage\RedisStorageTest" classname="Sparkinzy.CapPhpServer.Tests.Unit.Storage.RedisStorageTest" file="/home/sparkinzy/php-work/agreement/cap_php_server/tests/Unit/Storage/RedisStorageTest.php" line="319" assertions="6" time="0.001912"/>
        <testcase name="testMultipleChallengesAndTokens" class="Sparkinzy\CapPhpServer\Tests\Unit\Storage\RedisStorageTest" classname="Sparkinzy.CapPhpServer.Tests.Unit.Storage.RedisStorageTest" file="/home/sparkinzy/php-work/agreement/cap_php_server/tests/Unit/Storage/RedisStorageTest.php" line="285" assertions="20" time="0.003915"/>
        <testcase name="testCleanupRemovesExpiredItems" class="Sparkinzy\CapPhpServer\Tests\Unit\Storage\RedisStorageTest" classname="Sparkinzy.CapPhpServer.Tests.Unit.Storage.RedisStorageTest" file="/home/sparkinzy/php-work/agreement/cap_php_server/tests/Unit/Storage/RedisStorageTest.php" line="220" assertions="5" time="0.002786"/>
        <testcase name="testCanOverwriteExistingChallenge" class="Sparkinzy\CapPhpServer\Tests\Unit\Storage\RedisStorageTest" classname="Sparkinzy.CapPhpServer.Tests.Unit.Storage.RedisStorageTest" file="/home/sparkinzy/php-work/agreement/cap_php_server/tests/Unit/Storage/RedisStorageTest.php" line="251" assertions="1" time="0.001092"/>
        <testcase name="testIsAvailableWhenRedisConnected" class="Sparkinzy\CapPhpServer\Tests\Unit\Storage\RedisStorageTest" classname="Sparkinzy.CapPhpServer.Tests.Unit.Storage.RedisStorageTest" file="/home/sparkinzy/php-work/agreement/cap_php_server/tests/Unit/Storage/RedisStorageTest.php" line="98" assertions="1" time="0.000845"/>
        <testcase name="testGetTokenWithDeleteRemovesToken" class="Sparkinzy\CapPhpServer\Tests\Unit\Storage\RedisStorageTest" classname="Sparkinzy.CapPhpServer.Tests.Unit.Storage.RedisStorageTest" file="/home/sparkinzy/php-work/agreement/cap_php_server/tests/Unit/Storage/RedisStorageTest.php" line="200" assertions="2" time="0.001143"/>
        <testcase name="testGetChallengeWithDeleteRemovesChallenge" class="Sparkinzy\CapPhpServer\Tests\Unit\Storage\RedisStorageTest" classname="Sparkinzy.CapPhpServer.Tests.Unit.Storage.RedisStorageTest" file="/home/sparkinzy/php-work/agreement/cap_php_server/tests/Unit/Storage/RedisStorageTest.php" line="180" assertions="2" time="0.001232"/>
        <testcase name="testGetNonExistentTokenReturnsNull" class="Sparkinzy\CapPhpServer\Tests\Unit\Storage\RedisStorageTest" classname="Sparkinzy.CapPhpServer.Tests.Unit.Storage.RedisStorageTest" file="/home/sparkinzy/php-work/agreement/cap_php_server/tests/Unit/Storage/RedisStorageTest.php" line="170" assertions="1" time="0.000938"/>
        <testcase name="testGetNonExistentChallengeReturnsNull" class="Sparkinzy\CapPhpServer\Tests\Unit\Storage\RedisStorageTest" classname="Sparkinzy.CapPhpServer.Tests.Unit.Storage.RedisStorageTest" file="/home/sparkinzy/php-work/agreement/cap_php_server/tests/Unit/Storage/RedisStorageTest.php" line="160" assertions="1" time="0.000930"/>
        <testcase name="testCanSetAndGetToken" class="Sparkinzy\CapPhpServer\Tests\Unit\Storage\RedisStorageTest" classname="Sparkinzy.CapPhpServer.Tests.Unit.Storage.RedisStorageTest" file="/home/sparkinzy/php-work/agreement/cap_php_server/tests/Unit/Storage/RedisStorageTest.php" line="144" assertions="2" time="0.001130"/>
        <testcase name="testCanSetAndGetChallenge" class="Sparkinzy\CapPhpServer\Tests\Unit\Storage\RedisStorageTest" classname="Sparkinzy.CapPhpServer.Tests.Unit.Storage.RedisStorageTest" file="/home/sparkinzy/php-work/agreement/cap_php_server/tests/Unit/Storage/RedisStorageTest.php" line="128" assertions="2" time="0.001068"/>
        <testcase name="testRedisConnectionRecovery" class="Sparkinzy\CapPhpServer\Tests\Unit\Storage\RedisStorageTest" classname="Sparkinzy.CapPhpServer.Tests.Unit.Storage.RedisStorageTest" file="/home/sparkinzy/php-work/agreement/cap_php_server/tests/Unit/Storage/RedisStorageTest.php" line="466" assertions="2" time="0.001358"/>
      </testsuite>
      <testsuite name="Sparkinzy\CapPhpServer\Tests\Unit\Storage\MemoryStorageTest" file="/home/sparkinzy/php-work/agreement/cap_php_server/tests/Unit/Storage/MemoryStorageTest.php" tests="18" assertions="72" errors="0" warnings="0" failures="0" skipped="0" time="0.006199">
        <testcase name="testBoundaryValues" class="Sparkinzy\CapPhpServer\Tests\Unit\Storage\MemoryStorageTest" classname="Sparkinzy.CapPhpServer.Tests.Unit.Storage.MemoryStorageTest" file="/home/sparkinzy/php-work/agreement/cap_php_server/tests/Unit/Storage/MemoryStorageTest.php" line="235" assertions="8" time="0.000237"/>
        <testcase name="testImplementsStorageInterface" class="Sparkinzy\CapPhpServer\Tests\Unit\Storage\MemoryStorageTest" classname="Sparkinzy.CapPhpServer.Tests.Unit.Storage.MemoryStorageTest" file="/home/sparkinzy/php-work/agreement/cap_php_server/tests/Unit/Storage/MemoryStorageTest.php" line="29" assertions="1" time="0.000217"/>
        <testcase name="testClearRemovesAllData" class="Sparkinzy\CapPhpServer\Tests\Unit\Storage\MemoryStorageTest" classname="Sparkinzy.CapPhpServer.Tests.Unit.Storage.MemoryStorageTest" file="/home/sparkinzy/php-work/agreement/cap_php_server/tests/Unit/Storage/MemoryStorageTest.php" line="153" assertions="2" time="0.000211"/>
        <testcase name="testEmptyKeysAndTokens" class="Sparkinzy\CapPhpServer\Tests\Unit\Storage\MemoryStorageTest" classname="Sparkinzy.CapPhpServer.Tests.Unit.Storage.MemoryStorageTest" file="/home/sparkinzy/php-work/agreement/cap_php_server/tests/Unit/Storage/MemoryStorageTest.php" line="259" assertions="2" time="0.000213"/>
        <testcase name="testConstructorWithCustomCleanupInterval" class="Sparkinzy\CapPhpServer\Tests\Unit\Storage\MemoryStorageTest" classname="Sparkinzy.CapPhpServer.Tests.Unit.Storage.MemoryStorageTest" file="/home/sparkinzy/php-work/agreement/cap_php_server/tests/Unit/Storage/MemoryStorageTest.php" line="226" assertions="1" time="0.000296"/>
        <testcase name="testMultipleChallengesAndTokens" class="Sparkinzy\CapPhpServer\Tests\Unit\Storage\MemoryStorageTest" classname="Sparkinzy.CapPhpServer.Tests.Unit.Storage.MemoryStorageTest" file="/home/sparkinzy/php-work/agreement/cap_php_server/tests/Unit/Storage/MemoryStorageTest.php" line="191" assertions="22" time="0.000322"/>
        <testcase name="testCanOverwriteExistingToken" class="Sparkinzy\CapPhpServer\Tests\Unit\Storage\MemoryStorageTest" classname="Sparkinzy.CapPhpServer.Tests.Unit.Storage.MemoryStorageTest" file="/home/sparkinzy/php-work/agreement/cap_php_server/tests/Unit/Storage/MemoryStorageTest.php" line="178" assertions="1" time="0.000315"/>
        <testcase name="testCanOverwriteExistingChallenge" class="Sparkinzy\CapPhpServer\Tests\Unit\Storage\MemoryStorageTest" classname="Sparkinzy.CapPhpServer.Tests.Unit.Storage.MemoryStorageTest" file="/home/sparkinzy/php-work/agreement/cap_php_server/tests/Unit/Storage/MemoryStorageTest.php" line="165" assertions="1" time="0.000311"/>
        <testcase name="testGetStatsReturnsCorrectInformation" class="Sparkinzy\CapPhpServer\Tests\Unit\Storage\MemoryStorageTest" classname="Sparkinzy.CapPhpServer.Tests.Unit.Storage.MemoryStorageTest" file="/home/sparkinzy/php-work/agreement/cap_php_server/tests/Unit/Storage/MemoryStorageTest.php" line="134" assertions="8" time="0.000327"/>
        <testcase name="testIsAlwaysAvailable" class="Sparkinzy\CapPhpServer\Tests\Unit\Storage\MemoryStorageTest" classname="Sparkinzy.CapPhpServer.Tests.Unit.Storage.MemoryStorageTest" file="/home/sparkinzy/php-work/agreement/cap_php_server/tests/Unit/Storage/MemoryStorageTest.php" line="34" assertions="1" time="0.000403"/>
        <testcase name="testCleanupRemovesExpiredItems" class="Sparkinzy\CapPhpServer\Tests\Unit\Storage\MemoryStorageTest" classname="Sparkinzy.CapPhpServer.Tests.Unit.Storage.MemoryStorageTest" file="/home/sparkinzy/php-work/agreement/cap_php_server/tests/Unit/Storage/MemoryStorageTest.php" line="107" assertions="5" time="0.000487"/>
        <testcase name="testGetTokenWithDeleteRemovesToken" class="Sparkinzy\CapPhpServer\Tests\Unit\Storage\MemoryStorageTest" classname="Sparkinzy.CapPhpServer.Tests.Unit.Storage.MemoryStorageTest" file="/home/sparkinzy/php-work/agreement/cap_php_server/tests/Unit/Storage/MemoryStorageTest.php" line="91" assertions="2" time="0.000343"/>
        <testcase name="testGetChallengeWithDeleteRemovesChallenge" class="Sparkinzy\CapPhpServer\Tests\Unit\Storage\MemoryStorageTest" classname="Sparkinzy.CapPhpServer.Tests.Unit.Storage.MemoryStorageTest" file="/home/sparkinzy/php-work/agreement/cap_php_server/tests/Unit/Storage/MemoryStorageTest.php" line="75" assertions="2" time="0.000482"/>
        <testcase name="testGetNonExistentTokenReturnsNull" class="Sparkinzy\CapPhpServer\Tests\Unit\Storage\MemoryStorageTest" classname="Sparkinzy.CapPhpServer.Tests.Unit.Storage.MemoryStorageTest" file="/home/sparkinzy/php-work/agreement/cap_php_server/tests/Unit/Storage/MemoryStorageTest.php" line="69" assertions="1" time="0.000330"/>
        <testcase name="testGetNonExistentChallengeReturnsNull" class="Sparkinzy\CapPhpServer\Tests\Unit\Storage\MemoryStorageTest" classname="Sparkinzy.CapPhpServer.Tests.Unit.Storage.MemoryStorageTest" file="/home/sparkinzy/php-work/agreement/cap_php_server/tests/Unit/Storage/MemoryStorageTest.php" line="63" assertions="1" time="0.000375"/>
        <testcase name="testCanSetAndGetToken" class="Sparkinzy\CapPhpServer\Tests\Unit\Storage\MemoryStorageTest" classname="Sparkinzy.CapPhpServer.Tests.Unit.Storage.MemoryStorageTest" file="/home/sparkinzy/php-work/agreement/cap_php_server/tests/Unit/Storage/MemoryStorageTest.php" line="51" assertions="2" time="0.000323"/>
        <testcase name="testCanSetAndGetChallenge" class="Sparkinzy\CapPhpServer\Tests\Unit\Storage\MemoryStorageTest" classname="Sparkinzy.CapPhpServer.Tests.Unit.Storage.MemoryStorageTest" file="/home/sparkinzy/php-work/agreement/cap_php_server/tests/Unit/Storage/MemoryStorageTest.php" line="39" assertions="2" time="0.000446"/>
        <testcase name="testSpecialCharactersInKeys" class="Sparkinzy\CapPhpServer\Tests\Unit\Storage\MemoryStorageTest" classname="Sparkinzy.CapPhpServer.Tests.Unit.Storage.MemoryStorageTest" file="/home/sparkinzy/php-work/agreement/cap_php_server/tests/Unit/Storage/MemoryStorageTest.php" line="269" assertions="10" time="0.000561"/>
      </testsuite>
      <testsuite name="Sparkinzy\CapPhpServer\Tests\Unit\InfrastructureTest" file="/home/sparkinzy/php-work/agreement/cap_php_server/tests/Unit/InfrastructureTest.php" tests="5" assertions="24" errors="0" warnings="0" failures="0" skipped="0" time="0.002305">
        <testcase name="testCanCreateCapInstance" class="Sparkinzy\CapPhpServer\Tests\Unit\InfrastructureTest" classname="Sparkinzy.CapPhpServer.Tests.Unit.InfrastructureTest" file="/home/sparkinzy/php-work/agreement/cap_php_server/tests/Unit/InfrastructureTest.php" line="15" assertions="1" time="0.000367"/>
        <testcase name="testCanCreateChallengeWithMemoryStorage" class="Sparkinzy\CapPhpServer\Tests\Unit\InfrastructureTest" classname="Sparkinzy.CapPhpServer.Tests.Unit.InfrastructureTest" file="/home/sparkinzy/php-work/agreement/cap_php_server/tests/Unit/InfrastructureTest.php" line="21" assertions="16" time="0.000465"/>
        <testcase name="testTestDataFactoryWorks" class="Sparkinzy\CapPhpServer\Tests\Unit\InfrastructureTest" classname="Sparkinzy.CapPhpServer.Tests.Unit.InfrastructureTest" file="/home/sparkinzy/php-work/agreement/cap_php_server/tests/Unit/InfrastructureTest.php" line="29" assertions="2" time="0.000578"/>
        <testcase name="testMockStorageWorks" class="Sparkinzy\CapPhpServer\Tests\Unit\InfrastructureTest" classname="Sparkinzy.CapPhpServer.Tests.Unit.InfrastructureTest" file="/home/sparkinzy/php-work/agreement/cap_php_server/tests/Unit/InfrastructureTest.php" line="36" assertions="3" time="0.000238"/>
        <testcase name="testTempFileCleanupWorks" class="Sparkinzy\CapPhpServer\Tests\Unit\InfrastructureTest" classname="Sparkinzy.CapPhpServer.Tests.Unit.InfrastructureTest" file="/home/sparkinzy/php-work/agreement/cap_php_server/tests/Unit/InfrastructureTest.php" line="48" assertions="2" time="0.000657"/>
      </testsuite>
    </testsuite>
  </testsuite>
</testsuites>
